Information: Updating design information... (UID-85)
 
****************************************
Report : timing
        -path full
        -delay min
        -max_paths 1
Design : arbiter
Version: S-2021.06-SP3
Date   : Tue Oct 10 13:14:20 2023
****************************************

Operating Conditions: fast   Library: NangateOpenCellLibrary_PDKv1_2_v2008_10_fast_nldm
Wire Load Model Mode: top

  Startpoint: current_state_reg[1]
              (rising edge-triggered flip-flop clocked by clock)
  Endpoint: current_state_reg[4]
            (rising edge-triggered flip-flop clocked by clock)
  Path Group: clock
  Path Type: min

  Point                                    Incr       Path
  -----------------------------------------------------------
  clock clock (rise edge)                0.0000     0.0000
  clock network delay (ideal)            0.0000     0.0000
  current_state_reg[1]/CK (DFFR_X1)      0.0000     0.0000 r
  current_state_reg[1]/Q (DFFR_X1)       0.0772     0.0772 r
  U41/ZN (NOR3_X1)                       0.0174     0.0946 f
  current_state_reg[4]/D (DFFR_X1)       0.0000     0.0946 f
  data arrival time                                 0.0946

  clock clock (rise edge)                0.0000     0.0000
  clock network delay (ideal)            0.0000     0.0000
  clock uncertainty                      0.0500     0.0500
  current_state_reg[4]/CK (DFFR_X1)      0.0000     0.0500 r
  library hold time                      0.0022     0.0522
  data required time                                0.0522
  -----------------------------------------------------------
  data required time                                0.0522
  data arrival time                                -0.0946
  -----------------------------------------------------------
  slack (MET)                                       0.0424


1
